// Jest Snapshot v1, https://goo.gl/fbAQLP

exports[`should render AddExpensePage correctly 1`] = `
<div>
  <h1>
    Add Expense
  </h1>
  <Connect(ExpenseForm)
    onSubmit={[Function]}
  />
</div>
`;
